<html><head>
    <script type="module" src="shared_bundle_1.js"></script>
    <script type="module" src="shared_bundle_2.js"></script>
  </head>
  <body>

</body></html>