<html><head>
    <script type="module" src="./mod1.js"></script>
    <script type="module" src="./esm-mod1.mjs"></script>
  </head>
  <body>

</body></html>